[2026-06-07T03:07:36.712+0000] {manager.py:469} INFO - Processing files using up to 2 processes at a time 
[2026-06-07T03:07:36.713+0000] {manager.py:470} INFO - Process each file at most once every 30 seconds
[2026-06-07T03:07:36.714+0000] {manager.py:471} INFO - Checking for new files in /opt/airflow/dags every 300 seconds
[2026-06-07T03:07:36.714+0000] {manager.py:738} INFO - Searching for files in /opt/airflow/dags
[2026-06-07T03:07:36.716+0000] {manager.py:741} INFO - There are 0 files in /opt/airflow/dags
[2026-06-07T03:12:36.770+0000] {manager.py:738} INFO - Searching for files in /opt/airflow/dags
[2026-06-07T03:12:36.794+0000] {manager.py:741} INFO - There are 1 files in /opt/airflow/dags
[2026-06-07T03:12:41.239+0000] {manager.py:879} INFO - 
================================================================================
DAG File Processing Stats

File Path                                  PID    Runtime      # DAGs    # Errors  Last Runtime    Last Run
-----------------------------------------  -----  ---------  --------  ----------  --------------  -------------------
/opt/airflow/dags/sportspulse_pipeline.py                           3           0  1.12s           2026-06-07T03:12:38
================================================================================
[2026-06-07T03:13:12.083+0000] {manager.py:879} INFO - 
================================================================================
DAG File Processing Stats

File Path                                  PID    Runtime      # DAGs    # Errors  Last Runtime    Last Run
-----------------------------------------  -----  ---------  --------  ----------  --------------  -------------------
/opt/airflow/dags/sportspulse_pipeline.py                           3           0  0.18s           2026-06-07T03:13:09
================================================================================
[2026-06-07T03:13:42.622+0000] {manager.py:879} INFO - 
================================================================================
DAG File Processing Stats

File Path                                  PID    Runtime      # DAGs    # Errors  Last Runtime    Last Run
-----------------------------------------  -----  ---------  --------  ----------  --------------  -------------------
/opt/airflow/dags/sportspulse_pipeline.py                           3           0  0.20s           2026-06-07T03:13:39
================================================================================
[2026-06-07T03:14:13.280+0000] {manager.py:879} INFO - 
================================================================================
DAG File Processing Stats

File Path                                  PID    Runtime      # DAGs    # Errors  Last Runtime    Last Run
-----------------------------------------  -----  ---------  --------  ----------  --------------  -------------------
/opt/airflow/dags/sportspulse_pipeline.py                           3           0  0.24s           2026-06-07T03:14:10
================================================================================
[2026-06-07T03:14:44.042+0000] {manager.py:879} INFO - 
================================================================================
DAG File Processing Stats

File Path                                  PID    Runtime      # DAGs    # Errors  Last Runtime    Last Run
-----------------------------------------  -----  ---------  --------  ----------  --------------  -------------------
/opt/airflow/dags/sportspulse_pipeline.py                           3           0  0.20s           2026-06-07T03:14:41
================================================================================
[2026-06-07T03:15:14.137+0000] {manager.py:879} INFO - 
================================================================================
DAG File Processing Stats

File Path                                  PID    Runtime      # DAGs    # Errors  Last Runtime    Last Run
-----------------------------------------  -----  ---------  --------  ----------  --------------  -------------------
/opt/airflow/dags/sportspulse_pipeline.py                           3           0  0.41s           2026-06-07T03:15:12
================================================================================
[2026-06-07T03:15:44.676+0000] {manager.py:879} INFO - 
================================================================================
DAG File Processing Stats

File Path                                  PID    Runtime      # DAGs    # Errors  Last Runtime    Last Run
-----------------------------------------  -----  ---------  --------  ----------  --------------  -------------------
/opt/airflow/dags/sportspulse_pipeline.py                           3           0  0.21s           2026-06-07T03:15:42
================================================================================
[2026-06-07T03:16:15.276+0000] {manager.py:879} INFO - 
================================================================================
DAG File Processing Stats

File Path                                  PID    Runtime      # DAGs    # Errors  Last Runtime    Last Run
-----------------------------------------  -----  ---------  --------  ----------  --------------  -------------------
/opt/airflow/dags/sportspulse_pipeline.py                           3           0  0.22s           2026-06-07T03:16:13
================================================================================
[2026-06-07T03:16:46.018+0000] {manager.py:879} INFO - 
================================================================================
DAG File Processing Stats

File Path                                  PID    Runtime      # DAGs    # Errors  Last Runtime    Last Run
-----------------------------------------  -----  ---------  --------  ----------  --------------  -------------------
/opt/airflow/dags/sportspulse_pipeline.py                           3           0  0.20s           2026-06-07T03:16:44
================================================================================
[2026-06-07T03:17:16.314+0000] {manager.py:879} INFO - 
================================================================================
DAG File Processing Stats

File Path                                  PID    Runtime      # DAGs    # Errors  Last Runtime    Last Run
-----------------------------------------  -----  ---------  --------  ----------  --------------  -------------------
/opt/airflow/dags/sportspulse_pipeline.py                           3           0  0.19s           2026-06-07T03:17:14
================================================================================
[2026-06-07T03:17:37.534+0000] {manager.py:738} INFO - Searching for files in /opt/airflow/dags
[2026-06-07T03:17:37.542+0000] {manager.py:741} INFO - There are 1 files in /opt/airflow/dags
[2026-06-07T03:17:46.750+0000] {manager.py:879} INFO - 
================================================================================
DAG File Processing Stats

File Path                                  PID    Runtime      # DAGs    # Errors  Last Runtime    Last Run
-----------------------------------------  -----  ---------  --------  ----------  --------------  -------------------
/opt/airflow/dags/sportspulse_pipeline.py                           3           0  0.17s           2026-06-07T03:17:44
================================================================================
[2026-06-07T03:18:16.956+0000] {manager.py:879} INFO - 
================================================================================
DAG File Processing Stats

File Path                                  PID    Runtime      # DAGs    # Errors  Last Runtime    Last Run
-----------------------------------------  -----  ---------  --------  ----------  --------------  -------------------
/opt/airflow/dags/sportspulse_pipeline.py                           3           0  0.18s           2026-06-07T03:18:15
================================================================================
[2026-06-07T03:18:47.427+0000] {manager.py:879} INFO - 
================================================================================
DAG File Processing Stats

File Path                                  PID    Runtime      # DAGs    # Errors  Last Runtime    Last Run
-----------------------------------------  -----  ---------  --------  ----------  --------------  -------------------
/opt/airflow/dags/sportspulse_pipeline.py                           3           0  0.28s           2026-06-07T03:18:45
================================================================================
[2026-06-07T03:19:17.826+0000] {manager.py:879} INFO - 
================================================================================
DAG File Processing Stats

File Path                                  PID    Runtime      # DAGs    # Errors  Last Runtime    Last Run
-----------------------------------------  -----  ---------  --------  ----------  --------------  -------------------
/opt/airflow/dags/sportspulse_pipeline.py                           3           0  0.15s           2026-06-07T03:19:15
================================================================================
[2026-06-07T03:19:48.171+0000] {manager.py:879} INFO - 
================================================================================
DAG File Processing Stats

File Path                                  PID    Runtime      # DAGs    # Errors  Last Runtime    Last Run
-----------------------------------------  -----  ---------  --------  ----------  --------------  -------------------
/opt/airflow/dags/sportspulse_pipeline.py                           3           0  0.26s           2026-06-07T03:19:46
================================================================================
[2026-06-07T03:20:18.692+0000] {manager.py:879} INFO - 
================================================================================
DAG File Processing Stats

File Path                                  PID    Runtime      # DAGs    # Errors  Last Runtime    Last Run
-----------------------------------------  -----  ---------  --------  ----------  --------------  -------------------
/opt/airflow/dags/sportspulse_pipeline.py                           3           0  0.18s           2026-06-07T03:20:16
================================================================================
[2026-06-07T03:20:49.210+0000] {manager.py:879} INFO - 
================================================================================
DAG File Processing Stats

File Path                                  PID    Runtime      # DAGs    # Errors  Last Runtime    Last Run
-----------------------------------------  -----  ---------  --------  ----------  --------------  -------------------
/opt/airflow/dags/sportspulse_pipeline.py                           3           0  0.31s           2026-06-07T03:20:47
================================================================================
[2026-06-07T03:21:19.600+0000] {manager.py:879} INFO - 
================================================================================
DAG File Processing Stats

File Path                                  PID    Runtime      # DAGs    # Errors  Last Runtime    Last Run
-----------------------------------------  -----  ---------  --------  ----------  --------------  -------------------
/opt/airflow/dags/sportspulse_pipeline.py                           3           0  0.20s           2026-06-07T03:21:17
================================================================================
[2026-06-07T03:21:50.071+0000] {manager.py:879} INFO - 
================================================================================
DAG File Processing Stats

File Path                                  PID    Runtime      # DAGs    # Errors  Last Runtime    Last Run
-----------------------------------------  -----  ---------  --------  ----------  --------------  -------------------
/opt/airflow/dags/sportspulse_pipeline.py                           3           0  0.22s           2026-06-07T03:21:48
================================================================================
[2026-06-07T03:22:20.517+0000] {manager.py:879} INFO - 
================================================================================
DAG File Processing Stats

File Path                                  PID    Runtime      # DAGs    # Errors  Last Runtime    Last Run
-----------------------------------------  -----  ---------  --------  ----------  --------------  -------------------
/opt/airflow/dags/sportspulse_pipeline.py                           3           0  0.30s           2026-06-07T03:22:18
================================================================================
[2026-06-07T03:22:37.681+0000] {manager.py:738} INFO - Searching for files in /opt/airflow/dags
[2026-06-07T03:22:37.695+0000] {manager.py:741} INFO - There are 1 files in /opt/airflow/dags
[2026-06-07T03:22:51.050+0000] {manager.py:879} INFO - 
================================================================================
DAG File Processing Stats

File Path                                  PID    Runtime      # DAGs    # Errors  Last Runtime    Last Run
-----------------------------------------  -----  ---------  --------  ----------  --------------  -------------------
/opt/airflow/dags/sportspulse_pipeline.py                           3           0  0.25s           2026-06-07T03:22:49
================================================================================
[2026-06-07T03:23:21.473+0000] {manager.py:879} INFO - 
================================================================================
DAG File Processing Stats

File Path                                  PID    Runtime      # DAGs    # Errors  Last Runtime    Last Run
-----------------------------------------  -----  ---------  --------  ----------  --------------  -------------------
/opt/airflow/dags/sportspulse_pipeline.py                           3           0  0.21s           2026-06-07T03:23:19
================================================================================
[2026-06-07T03:23:52.010+0000] {manager.py:879} INFO - 
================================================================================
DAG File Processing Stats

File Path                                  PID    Runtime      # DAGs    # Errors  Last Runtime    Last Run
-----------------------------------------  -----  ---------  --------  ----------  --------------  -------------------
/opt/airflow/dags/sportspulse_pipeline.py                           3           0  0.20s           2026-06-07T03:23:50
================================================================================
[2026-06-07T03:24:22.461+0000] {manager.py:879} INFO - 
================================================================================
DAG File Processing Stats

File Path                                  PID    Runtime      # DAGs    # Errors  Last Runtime    Last Run
-----------------------------------------  -----  ---------  --------  ----------  --------------  -------------------
/opt/airflow/dags/sportspulse_pipeline.py                           3           0  0.16s           2026-06-07T03:24:20
================================================================================
[2026-06-07T03:24:52.881+0000] {manager.py:879} INFO - 
================================================================================
DAG File Processing Stats

File Path                                  PID    Runtime      # DAGs    # Errors  Last Runtime    Last Run
-----------------------------------------  -----  ---------  --------  ----------  --------------  -------------------
/opt/airflow/dags/sportspulse_pipeline.py                           3           0  0.17s           2026-06-07T03:24:51
================================================================================
[2026-06-07T03:25:23.294+0000] {manager.py:879} INFO - 
================================================================================
DAG File Processing Stats

File Path                                  PID    Runtime      # DAGs    # Errors  Last Runtime    Last Run
-----------------------------------------  -----  ---------  --------  ----------  --------------  -------------------
/opt/airflow/dags/sportspulse_pipeline.py                           3           0  0.20s           2026-06-07T03:25:21
================================================================================
[2026-06-07T03:25:53.697+0000] {manager.py:879} INFO - 
================================================================================
DAG File Processing Stats

File Path                                  PID    Runtime      # DAGs    # Errors  Last Runtime    Last Run
-----------------------------------------  -----  ---------  --------  ----------  --------------  -------------------
/opt/airflow/dags/sportspulse_pipeline.py                           3           0  0.26s           2026-06-07T03:25:51
================================================================================
[2026-06-07T03:26:24.192+0000] {manager.py:879} INFO - 
================================================================================
DAG File Processing Stats

File Path                                  PID    Runtime      # DAGs    # Errors  Last Runtime    Last Run
-----------------------------------------  -----  ---------  --------  ----------  --------------  -------------------
/opt/airflow/dags/sportspulse_pipeline.py                           3           0  0.19s           2026-06-07T03:26:22
================================================================================
[2026-06-07T03:26:54.768+0000] {manager.py:879} INFO - 
================================================================================
DAG File Processing Stats

File Path                                  PID    Runtime      # DAGs    # Errors  Last Runtime    Last Run
-----------------------------------------  -----  ---------  --------  ----------  --------------  -------------------
/opt/airflow/dags/sportspulse_pipeline.py                           3           0  0.23s           2026-06-07T03:26:52
================================================================================
[2026-06-07T03:27:25.210+0000] {manager.py:879} INFO - 
================================================================================
DAG File Processing Stats

File Path                                  PID    Runtime      # DAGs    # Errors  Last Runtime    Last Run
-----------------------------------------  -----  ---------  --------  ----------  --------------  -------------------
/opt/airflow/dags/sportspulse_pipeline.py                           3           0  0.21s           2026-06-07T03:27:23
================================================================================
[2026-06-07T03:27:38.567+0000] {manager.py:738} INFO - Searching for files in /opt/airflow/dags
[2026-06-07T03:27:38.578+0000] {manager.py:741} INFO - There are 1 files in /opt/airflow/dags
[2026-06-07T03:27:55.941+0000] {manager.py:879} INFO - 
================================================================================
DAG File Processing Stats

File Path                                  PID    Runtime      # DAGs    # Errors  Last Runtime    Last Run
-----------------------------------------  -----  ---------  --------  ----------  --------------  -------------------
/opt/airflow/dags/sportspulse_pipeline.py                           3           0  0.23s           2026-06-07T03:27:54
================================================================================
[2026-06-07T03:28:26.303+0000] {manager.py:879} INFO - 
================================================================================
DAG File Processing Stats

File Path                                  PID    Runtime      # DAGs    # Errors  Last Runtime    Last Run
-----------------------------------------  -----  ---------  --------  ----------  --------------  -------------------
/opt/airflow/dags/sportspulse_pipeline.py                           3           0  0.19s           2026-06-07T03:28:24
================================================================================
[2026-06-07T03:28:56.839+0000] {manager.py:879} INFO - 
================================================================================
DAG File Processing Stats

File Path                                  PID    Runtime      # DAGs    # Errors  Last Runtime    Last Run
-----------------------------------------  -----  ---------  --------  ----------  --------------  -------------------
/opt/airflow/dags/sportspulse_pipeline.py                           3           0  0.19s           2026-06-07T03:28:54
================================================================================
