[2026-06-07T03:12:37.195+0000] {processor.py:161} INFO - Started process (PID=164) to work on /opt/airflow/dags/sportspulse_pipeline.py
[2026-06-07T03:12:37.200+0000] {processor.py:830} INFO - Processing file /opt/airflow/dags/sportspulse_pipeline.py for tasks to queue
[2026-06-07T03:12:37.201+0000] {logging_mixin.py:188} INFO - [2026-06-07T03:12:37.200+0000] {dagbag.py:538} INFO - Filling up the DagBag from /opt/airflow/dags/sportspulse_pipeline.py
[2026-06-07T03:12:37.510+0000] {processor.py:840} INFO - DAG(s) 'sportspulse_ingestion', 'sportspulse_processing', 'sportspulse_ml' retrieved from /opt/airflow/dags/sportspulse_pipeline.py
[2026-06-07T03:12:38.072+0000] {logging_mixin.py:188} INFO - [2026-06-07T03:12:38.071+0000] {override.py:1769} INFO - Created Permission View: can delete on DAG:sportspulse_ingestion
[2026-06-07T03:12:38.087+0000] {logging_mixin.py:188} INFO - [2026-06-07T03:12:38.086+0000] {override.py:1769} INFO - Created Permission View: can read on DAG:sportspulse_ingestion
[2026-06-07T03:12:38.094+0000] {logging_mixin.py:188} INFO - [2026-06-07T03:12:38.094+0000] {override.py:1769} INFO - Created Permission View: can edit on DAG:sportspulse_ingestion
[2026-06-07T03:12:38.104+0000] {logging_mixin.py:188} INFO - [2026-06-07T03:12:38.104+0000] {override.py:1769} INFO - Created Permission View: can delete on DAG:sportspulse_processing
[2026-06-07T03:12:38.110+0000] {logging_mixin.py:188} INFO - [2026-06-07T03:12:38.109+0000] {override.py:1769} INFO - Created Permission View: can read on DAG:sportspulse_processing
[2026-06-07T03:12:38.116+0000] {logging_mixin.py:188} INFO - [2026-06-07T03:12:38.115+0000] {override.py:1769} INFO - Created Permission View: can edit on DAG:sportspulse_processing
[2026-06-07T03:12:38.125+0000] {logging_mixin.py:188} INFO - [2026-06-07T03:12:38.125+0000] {override.py:1769} INFO - Created Permission View: can delete on DAG:sportspulse_ml
[2026-06-07T03:12:38.130+0000] {logging_mixin.py:188} INFO - [2026-06-07T03:12:38.130+0000] {override.py:1769} INFO - Created Permission View: can read on DAG:sportspulse_ml
[2026-06-07T03:12:38.134+0000] {logging_mixin.py:188} INFO - [2026-06-07T03:12:38.134+0000] {override.py:1769} INFO - Created Permission View: can edit on DAG:sportspulse_ml
[2026-06-07T03:12:38.135+0000] {logging_mixin.py:188} INFO - [2026-06-07T03:12:38.135+0000] {dag.py:3036} INFO - Sync 3 DAGs
[2026-06-07T03:12:38.160+0000] {logging_mixin.py:188} INFO - [2026-06-07T03:12:38.159+0000] {dag.py:3058} INFO - Creating ORM DAG for sportspulse_ingestion
[2026-06-07T03:12:38.160+0000] {logging_mixin.py:188} INFO - [2026-06-07T03:12:38.160+0000] {dag.py:3058} INFO - Creating ORM DAG for sportspulse_processing
[2026-06-07T03:12:38.161+0000] {logging_mixin.py:188} INFO - [2026-06-07T03:12:38.160+0000] {dag.py:3058} INFO - Creating ORM DAG for sportspulse_ml
[2026-06-07T03:12:38.171+0000] {logging_mixin.py:188} INFO - [2026-06-07T03:12:38.171+0000] {dag.py:3823} INFO - Setting next_dagrun for sportspulse_ingestion to 2026-06-05 06:00:00+00:00, run_after=2026-06-06 06:00:00+00:00
[2026-06-07T03:12:38.173+0000] {logging_mixin.py:188} INFO - [2026-06-07T03:12:38.173+0000] {dag.py:3823} INFO - Setting next_dagrun for sportspulse_ml to 2026-06-05 08:00:00+00:00, run_after=2026-06-06 08:00:00+00:00
[2026-06-07T03:12:38.175+0000] {logging_mixin.py:188} INFO - [2026-06-07T03:12:38.174+0000] {dag.py:3823} INFO - Setting next_dagrun for sportspulse_processing to 2026-06-05 07:00:00+00:00, run_after=2026-06-06 07:00:00+00:00
[2026-06-07T03:12:38.200+0000] {processor.py:183} INFO - Processing /opt/airflow/dags/sportspulse_pipeline.py took 1.014 seconds
[2026-06-07T03:13:09.070+0000] {processor.py:161} INFO - Started process (PID=169) to work on /opt/airflow/dags/sportspulse_pipeline.py
[2026-06-07T03:13:09.072+0000] {processor.py:830} INFO - Processing file /opt/airflow/dags/sportspulse_pipeline.py for tasks to queue
[2026-06-07T03:13:09.074+0000] {logging_mixin.py:188} INFO - [2026-06-07T03:13:09.073+0000] {dagbag.py:538} INFO - Filling up the DagBag from /opt/airflow/dags/sportspulse_pipeline.py
[2026-06-07T03:13:09.105+0000] {processor.py:840} INFO - DAG(s) 'sportspulse_ingestion', 'sportspulse_processing', 'sportspulse_ml' retrieved from /opt/airflow/dags/sportspulse_pipeline.py
[2026-06-07T03:13:09.153+0000] {logging_mixin.py:188} INFO - [2026-06-07T03:13:09.153+0000] {dag.py:3036} INFO - Sync 3 DAGs
[2026-06-07T03:13:09.178+0000] {logging_mixin.py:188} INFO - [2026-06-07T03:13:09.177+0000] {dag.py:3823} INFO - Setting next_dagrun for sportspulse_ingestion to 2026-06-05 06:00:00+00:00, run_after=2026-06-06 06:00:00+00:00
[2026-06-07T03:13:09.183+0000] {logging_mixin.py:188} INFO - [2026-06-07T03:13:09.183+0000] {dag.py:3823} INFO - Setting next_dagrun for sportspulse_ml to 2026-06-05 08:00:00+00:00, run_after=2026-06-06 08:00:00+00:00
[2026-06-07T03:13:09.184+0000] {logging_mixin.py:188} INFO - [2026-06-07T03:13:09.184+0000] {dag.py:3823} INFO - Setting next_dagrun for sportspulse_processing to 2026-06-05 07:00:00+00:00, run_after=2026-06-06 07:00:00+00:00
[2026-06-07T03:13:09.199+0000] {processor.py:183} INFO - Processing /opt/airflow/dags/sportspulse_pipeline.py took 0.135 seconds
[2026-06-07T03:13:39.520+0000] {processor.py:161} INFO - Started process (PID=180) to work on /opt/airflow/dags/sportspulse_pipeline.py
[2026-06-07T03:13:39.522+0000] {processor.py:830} INFO - Processing file /opt/airflow/dags/sportspulse_pipeline.py for tasks to queue
[2026-06-07T03:13:39.523+0000] {logging_mixin.py:188} INFO - [2026-06-07T03:13:39.523+0000] {dagbag.py:538} INFO - Filling up the DagBag from /opt/airflow/dags/sportspulse_pipeline.py
[2026-06-07T03:13:39.566+0000] {processor.py:840} INFO - DAG(s) 'sportspulse_ingestion', 'sportspulse_processing', 'sportspulse_ml' retrieved from /opt/airflow/dags/sportspulse_pipeline.py
[2026-06-07T03:13:39.615+0000] {logging_mixin.py:188} INFO - [2026-06-07T03:13:39.615+0000] {dag.py:3036} INFO - Sync 3 DAGs
[2026-06-07T03:13:39.640+0000] {logging_mixin.py:188} INFO - [2026-06-07T03:13:39.639+0000] {dag.py:3823} INFO - Setting next_dagrun for sportspulse_ingestion to 2026-06-05 06:00:00+00:00, run_after=2026-06-06 06:00:00+00:00
[2026-06-07T03:13:39.644+0000] {logging_mixin.py:188} INFO - [2026-06-07T03:13:39.644+0000] {dag.py:3823} INFO - Setting next_dagrun for sportspulse_ml to 2026-06-05 08:00:00+00:00, run_after=2026-06-06 08:00:00+00:00
[2026-06-07T03:13:39.646+0000] {logging_mixin.py:188} INFO - [2026-06-07T03:13:39.646+0000] {dag.py:3823} INFO - Setting next_dagrun for sportspulse_processing to 2026-06-05 07:00:00+00:00, run_after=2026-06-06 07:00:00+00:00
[2026-06-07T03:13:39.659+0000] {processor.py:183} INFO - Processing /opt/airflow/dags/sportspulse_pipeline.py took 0.145 seconds
[2026-06-07T03:14:10.189+0000] {processor.py:161} INFO - Started process (PID=185) to work on /opt/airflow/dags/sportspulse_pipeline.py
[2026-06-07T03:14:10.193+0000] {processor.py:830} INFO - Processing file /opt/airflow/dags/sportspulse_pipeline.py for tasks to queue
[2026-06-07T03:14:10.195+0000] {logging_mixin.py:188} INFO - [2026-06-07T03:14:10.194+0000] {dagbag.py:538} INFO - Filling up the DagBag from /opt/airflow/dags/sportspulse_pipeline.py
[2026-06-07T03:14:10.245+0000] {processor.py:840} INFO - DAG(s) 'sportspulse_ingestion', 'sportspulse_ml', 'sportspulse_processing' retrieved from /opt/airflow/dags/sportspulse_pipeline.py
[2026-06-07T03:14:10.317+0000] {logging_mixin.py:188} INFO - [2026-06-07T03:14:10.317+0000] {dag.py:3036} INFO - Sync 3 DAGs
[2026-06-07T03:14:10.342+0000] {logging_mixin.py:188} INFO - [2026-06-07T03:14:10.342+0000] {dag.py:3823} INFO - Setting next_dagrun for sportspulse_ingestion to 2026-06-05 06:00:00+00:00, run_after=2026-06-06 06:00:00+00:00
[2026-06-07T03:14:10.346+0000] {logging_mixin.py:188} INFO - [2026-06-07T03:14:10.346+0000] {dag.py:3823} INFO - Setting next_dagrun for sportspulse_ml to 2026-06-05 08:00:00+00:00, run_after=2026-06-06 08:00:00+00:00
[2026-06-07T03:14:10.348+0000] {logging_mixin.py:188} INFO - [2026-06-07T03:14:10.348+0000] {dag.py:3823} INFO - Setting next_dagrun for sportspulse_processing to 2026-06-05 07:00:00+00:00, run_after=2026-06-06 07:00:00+00:00
[2026-06-07T03:14:10.361+0000] {processor.py:183} INFO - Processing /opt/airflow/dags/sportspulse_pipeline.py took 0.189 seconds
[2026-06-07T03:14:41.030+0000] {processor.py:161} INFO - Started process (PID=196) to work on /opt/airflow/dags/sportspulse_pipeline.py
[2026-06-07T03:14:41.032+0000] {processor.py:830} INFO - Processing file /opt/airflow/dags/sportspulse_pipeline.py for tasks to queue
[2026-06-07T03:14:41.034+0000] {logging_mixin.py:188} INFO - [2026-06-07T03:14:41.033+0000] {dagbag.py:538} INFO - Filling up the DagBag from /opt/airflow/dags/sportspulse_pipeline.py
[2026-06-07T03:14:41.068+0000] {processor.py:840} INFO - DAG(s) 'sportspulse_ingestion', 'sportspulse_ml', 'sportspulse_processing' retrieved from /opt/airflow/dags/sportspulse_pipeline.py
[2026-06-07T03:14:41.113+0000] {logging_mixin.py:188} INFO - [2026-06-07T03:14:41.113+0000] {dag.py:3036} INFO - Sync 3 DAGs
[2026-06-07T03:14:41.136+0000] {logging_mixin.py:188} INFO - [2026-06-07T03:14:41.135+0000] {dag.py:3823} INFO - Setting next_dagrun for sportspulse_ingestion to 2026-06-05 06:00:00+00:00, run_after=2026-06-06 06:00:00+00:00
[2026-06-07T03:14:41.139+0000] {logging_mixin.py:188} INFO - [2026-06-07T03:14:41.139+0000] {dag.py:3823} INFO - Setting next_dagrun for sportspulse_ml to 2026-06-05 08:00:00+00:00, run_after=2026-06-06 08:00:00+00:00
[2026-06-07T03:14:41.140+0000] {logging_mixin.py:188} INFO - [2026-06-07T03:14:41.140+0000] {dag.py:3823} INFO - Setting next_dagrun for sportspulse_processing to 2026-06-05 07:00:00+00:00, run_after=2026-06-06 07:00:00+00:00
[2026-06-07T03:14:41.152+0000] {processor.py:183} INFO - Processing /opt/airflow/dags/sportspulse_pipeline.py took 0.140 seconds
[2026-06-07T03:15:11.801+0000] {processor.py:161} INFO - Started process (PID=201) to work on /opt/airflow/dags/sportspulse_pipeline.py
[2026-06-07T03:15:11.804+0000] {processor.py:830} INFO - Processing file /opt/airflow/dags/sportspulse_pipeline.py for tasks to queue
[2026-06-07T03:15:11.815+0000] {logging_mixin.py:188} INFO - [2026-06-07T03:15:11.807+0000] {dagbag.py:538} INFO - Filling up the DagBag from /opt/airflow/dags/sportspulse_pipeline.py
[2026-06-07T03:15:11.868+0000] {processor.py:840} INFO - DAG(s) 'sportspulse_ingestion', 'sportspulse_ml', 'sportspulse_processing' retrieved from /opt/airflow/dags/sportspulse_pipeline.py
[2026-06-07T03:15:11.996+0000] {logging_mixin.py:188} INFO - [2026-06-07T03:15:11.996+0000] {dag.py:3036} INFO - Sync 3 DAGs
[2026-06-07T03:15:12.046+0000] {logging_mixin.py:188} INFO - [2026-06-07T03:15:12.046+0000] {dag.py:3823} INFO - Setting next_dagrun for sportspulse_ingestion to 2026-06-05 06:00:00+00:00, run_after=2026-06-06 06:00:00+00:00
[2026-06-07T03:15:12.058+0000] {logging_mixin.py:188} INFO - [2026-06-07T03:15:12.058+0000] {dag.py:3823} INFO - Setting next_dagrun for sportspulse_ml to 2026-06-05 08:00:00+00:00, run_after=2026-06-06 08:00:00+00:00
[2026-06-07T03:15:12.063+0000] {logging_mixin.py:188} INFO - [2026-06-07T03:15:12.061+0000] {dag.py:3823} INFO - Setting next_dagrun for sportspulse_processing to 2026-06-05 07:00:00+00:00, run_after=2026-06-06 07:00:00+00:00
[2026-06-07T03:15:12.100+0000] {processor.py:183} INFO - Processing /opt/airflow/dags/sportspulse_pipeline.py took 0.320 seconds
[2026-06-07T03:15:42.666+0000] {processor.py:161} INFO - Started process (PID=206) to work on /opt/airflow/dags/sportspulse_pipeline.py
[2026-06-07T03:15:42.668+0000] {processor.py:830} INFO - Processing file /opt/airflow/dags/sportspulse_pipeline.py for tasks to queue
[2026-06-07T03:15:42.670+0000] {logging_mixin.py:188} INFO - [2026-06-07T03:15:42.669+0000] {dagbag.py:538} INFO - Filling up the DagBag from /opt/airflow/dags/sportspulse_pipeline.py
[2026-06-07T03:15:42.715+0000] {processor.py:840} INFO - DAG(s) 'sportspulse_ml', 'sportspulse_processing', 'sportspulse_ingestion' retrieved from /opt/airflow/dags/sportspulse_pipeline.py
[2026-06-07T03:15:42.779+0000] {logging_mixin.py:188} INFO - [2026-06-07T03:15:42.779+0000] {dag.py:3036} INFO - Sync 3 DAGs
[2026-06-07T03:15:42.803+0000] {logging_mixin.py:188} INFO - [2026-06-07T03:15:42.803+0000] {dag.py:3823} INFO - Setting next_dagrun for sportspulse_ingestion to 2026-06-05 06:00:00+00:00, run_after=2026-06-06 06:00:00+00:00
[2026-06-07T03:15:42.807+0000] {logging_mixin.py:188} INFO - [2026-06-07T03:15:42.807+0000] {dag.py:3823} INFO - Setting next_dagrun for sportspulse_ml to 2026-06-05 08:00:00+00:00, run_after=2026-06-06 08:00:00+00:00
[2026-06-07T03:15:42.808+0000] {logging_mixin.py:188} INFO - [2026-06-07T03:15:42.808+0000] {dag.py:3823} INFO - Setting next_dagrun for sportspulse_processing to 2026-06-05 07:00:00+00:00, run_after=2026-06-06 07:00:00+00:00
[2026-06-07T03:15:42.822+0000] {processor.py:183} INFO - Processing /opt/airflow/dags/sportspulse_pipeline.py took 0.165 seconds
[2026-06-07T03:16:13.161+0000] {processor.py:161} INFO - Started process (PID=211) to work on /opt/airflow/dags/sportspulse_pipeline.py
[2026-06-07T03:16:13.165+0000] {processor.py:830} INFO - Processing file /opt/airflow/dags/sportspulse_pipeline.py for tasks to queue
[2026-06-07T03:16:13.167+0000] {logging_mixin.py:188} INFO - [2026-06-07T03:16:13.166+0000] {dagbag.py:538} INFO - Filling up the DagBag from /opt/airflow/dags/sportspulse_pipeline.py
[2026-06-07T03:16:13.215+0000] {processor.py:840} INFO - DAG(s) 'sportspulse_ingestion', 'sportspulse_processing', 'sportspulse_ml' retrieved from /opt/airflow/dags/sportspulse_pipeline.py
[2026-06-07T03:16:13.291+0000] {logging_mixin.py:188} INFO - [2026-06-07T03:16:13.290+0000] {dag.py:3036} INFO - Sync 3 DAGs
[2026-06-07T03:16:13.313+0000] {logging_mixin.py:188} INFO - [2026-06-07T03:16:13.313+0000] {dag.py:3823} INFO - Setting next_dagrun for sportspulse_ingestion to 2026-06-05 06:00:00+00:00, run_after=2026-06-06 06:00:00+00:00
[2026-06-07T03:16:13.319+0000] {logging_mixin.py:188} INFO - [2026-06-07T03:16:13.319+0000] {dag.py:3823} INFO - Setting next_dagrun for sportspulse_ml to 2026-06-05 08:00:00+00:00, run_after=2026-06-06 08:00:00+00:00
[2026-06-07T03:16:13.321+0000] {logging_mixin.py:188} INFO - [2026-06-07T03:16:13.321+0000] {dag.py:3823} INFO - Setting next_dagrun for sportspulse_processing to 2026-06-05 07:00:00+00:00, run_after=2026-06-06 07:00:00+00:00
[2026-06-07T03:16:13.339+0000] {processor.py:183} INFO - Processing /opt/airflow/dags/sportspulse_pipeline.py took 0.189 seconds
[2026-06-07T03:16:44.010+0000] {processor.py:161} INFO - Started process (PID=222) to work on /opt/airflow/dags/sportspulse_pipeline.py
[2026-06-07T03:16:44.013+0000] {processor.py:830} INFO - Processing file /opt/airflow/dags/sportspulse_pipeline.py for tasks to queue
[2026-06-07T03:16:44.015+0000] {logging_mixin.py:188} INFO - [2026-06-07T03:16:44.014+0000] {dagbag.py:538} INFO - Filling up the DagBag from /opt/airflow/dags/sportspulse_pipeline.py
[2026-06-07T03:16:44.053+0000] {processor.py:840} INFO - DAG(s) 'sportspulse_processing', 'sportspulse_ml', 'sportspulse_ingestion' retrieved from /opt/airflow/dags/sportspulse_pipeline.py
[2026-06-07T03:16:44.107+0000] {logging_mixin.py:188} INFO - [2026-06-07T03:16:44.106+0000] {dag.py:3036} INFO - Sync 3 DAGs
[2026-06-07T03:16:44.136+0000] {logging_mixin.py:188} INFO - [2026-06-07T03:16:44.136+0000] {dag.py:3823} INFO - Setting next_dagrun for sportspulse_ingestion to 2026-06-06 06:00:00+00:00, run_after=2026-06-07 06:00:00+00:00
[2026-06-07T03:16:44.141+0000] {logging_mixin.py:188} INFO - [2026-06-07T03:16:44.141+0000] {dag.py:3823} INFO - Setting next_dagrun for sportspulse_ml to 2026-06-05 08:00:00+00:00, run_after=2026-06-06 08:00:00+00:00
[2026-06-07T03:16:44.143+0000] {logging_mixin.py:188} INFO - [2026-06-07T03:16:44.143+0000] {dag.py:3823} INFO - Setting next_dagrun for sportspulse_processing to 2026-06-05 07:00:00+00:00, run_after=2026-06-06 07:00:00+00:00
[2026-06-07T03:16:44.157+0000] {processor.py:183} INFO - Processing /opt/airflow/dags/sportspulse_pipeline.py took 0.156 seconds
[2026-06-07T03:17:14.306+0000] {processor.py:161} INFO - Started process (PID=227) to work on /opt/airflow/dags/sportspulse_pipeline.py
[2026-06-07T03:17:14.309+0000] {processor.py:830} INFO - Processing file /opt/airflow/dags/sportspulse_pipeline.py for tasks to queue
[2026-06-07T03:17:14.311+0000] {logging_mixin.py:188} INFO - [2026-06-07T03:17:14.310+0000] {dagbag.py:538} INFO - Filling up the DagBag from /opt/airflow/dags/sportspulse_pipeline.py
[2026-06-07T03:17:14.343+0000] {processor.py:840} INFO - DAG(s) 'sportspulse_ml', 'sportspulse_ingestion', 'sportspulse_processing' retrieved from /opt/airflow/dags/sportspulse_pipeline.py
[2026-06-07T03:17:14.386+0000] {logging_mixin.py:188} INFO - [2026-06-07T03:17:14.385+0000] {dag.py:3036} INFO - Sync 3 DAGs
[2026-06-07T03:17:14.417+0000] {logging_mixin.py:188} INFO - [2026-06-07T03:17:14.417+0000] {dag.py:3823} INFO - Setting next_dagrun for sportspulse_ingestion to 2026-06-06 06:00:00+00:00, run_after=2026-06-07 06:00:00+00:00
[2026-06-07T03:17:14.421+0000] {logging_mixin.py:188} INFO - [2026-06-07T03:17:14.421+0000] {dag.py:3823} INFO - Setting next_dagrun for sportspulse_ml to 2026-06-05 08:00:00+00:00, run_after=2026-06-06 08:00:00+00:00
[2026-06-07T03:17:14.423+0000] {logging_mixin.py:188} INFO - [2026-06-07T03:17:14.423+0000] {dag.py:3823} INFO - Setting next_dagrun for sportspulse_processing to 2026-06-05 07:00:00+00:00, run_after=2026-06-06 07:00:00+00:00
[2026-06-07T03:17:14.437+0000] {processor.py:183} INFO - Processing /opt/airflow/dags/sportspulse_pipeline.py took 0.141 seconds
[2026-06-07T03:17:44.682+0000] {processor.py:161} INFO - Started process (PID=232) to work on /opt/airflow/dags/sportspulse_pipeline.py
[2026-06-07T03:17:44.684+0000] {processor.py:830} INFO - Processing file /opt/airflow/dags/sportspulse_pipeline.py for tasks to queue
[2026-06-07T03:17:44.685+0000] {logging_mixin.py:188} INFO - [2026-06-07T03:17:44.685+0000] {dagbag.py:538} INFO - Filling up the DagBag from /opt/airflow/dags/sportspulse_pipeline.py
[2026-06-07T03:17:44.717+0000] {processor.py:840} INFO - DAG(s) 'sportspulse_processing', 'sportspulse_ingestion', 'sportspulse_ml' retrieved from /opt/airflow/dags/sportspulse_pipeline.py
[2026-06-07T03:17:44.758+0000] {logging_mixin.py:188} INFO - [2026-06-07T03:17:44.758+0000] {dag.py:3036} INFO - Sync 3 DAGs
[2026-06-07T03:17:44.780+0000] {logging_mixin.py:188} INFO - [2026-06-07T03:17:44.780+0000] {dag.py:3823} INFO - Setting next_dagrun for sportspulse_ingestion to 2026-06-06 06:00:00+00:00, run_after=2026-06-07 06:00:00+00:00
[2026-06-07T03:17:44.784+0000] {logging_mixin.py:188} INFO - [2026-06-07T03:17:44.784+0000] {dag.py:3823} INFO - Setting next_dagrun for sportspulse_ml to 2026-06-05 08:00:00+00:00, run_after=2026-06-06 08:00:00+00:00
[2026-06-07T03:17:44.786+0000] {logging_mixin.py:188} INFO - [2026-06-07T03:17:44.786+0000] {dag.py:3823} INFO - Setting next_dagrun for sportspulse_processing to 2026-06-05 07:00:00+00:00, run_after=2026-06-06 07:00:00+00:00
[2026-06-07T03:17:44.798+0000] {processor.py:183} INFO - Processing /opt/airflow/dags/sportspulse_pipeline.py took 0.123 seconds
[2026-06-07T03:18:14.949+0000] {processor.py:161} INFO - Started process (PID=237) to work on /opt/airflow/dags/sportspulse_pipeline.py
[2026-06-07T03:18:14.953+0000] {processor.py:830} INFO - Processing file /opt/airflow/dags/sportspulse_pipeline.py for tasks to queue
[2026-06-07T03:18:14.955+0000] {logging_mixin.py:188} INFO - [2026-06-07T03:18:14.954+0000] {dagbag.py:538} INFO - Filling up the DagBag from /opt/airflow/dags/sportspulse_pipeline.py
[2026-06-07T03:18:14.999+0000] {processor.py:840} INFO - DAG(s) 'sportspulse_ingestion', 'sportspulse_processing', 'sportspulse_ml' retrieved from /opt/airflow/dags/sportspulse_pipeline.py
[2026-06-07T03:18:15.042+0000] {logging_mixin.py:188} INFO - [2026-06-07T03:18:15.042+0000] {dag.py:3036} INFO - Sync 3 DAGs
[2026-06-07T03:18:15.063+0000] {logging_mixin.py:188} INFO - [2026-06-07T03:18:15.062+0000] {dag.py:3823} INFO - Setting next_dagrun for sportspulse_ingestion to 2026-06-06 06:00:00+00:00, run_after=2026-06-07 06:00:00+00:00
[2026-06-07T03:18:15.066+0000] {logging_mixin.py:188} INFO - [2026-06-07T03:18:15.066+0000] {dag.py:3823} INFO - Setting next_dagrun for sportspulse_ml to 2026-06-05 08:00:00+00:00, run_after=2026-06-06 08:00:00+00:00
[2026-06-07T03:18:15.068+0000] {logging_mixin.py:188} INFO - [2026-06-07T03:18:15.068+0000] {dag.py:3823} INFO - Setting next_dagrun for sportspulse_processing to 2026-06-05 07:00:00+00:00, run_after=2026-06-06 07:00:00+00:00
[2026-06-07T03:18:15.082+0000] {processor.py:183} INFO - Processing /opt/airflow/dags/sportspulse_pipeline.py took 0.142 seconds
[2026-06-07T03:18:45.297+0000] {processor.py:161} INFO - Started process (PID=242) to work on /opt/airflow/dags/sportspulse_pipeline.py
[2026-06-07T03:18:45.309+0000] {processor.py:830} INFO - Processing file /opt/airflow/dags/sportspulse_pipeline.py for tasks to queue
[2026-06-07T03:18:45.311+0000] {logging_mixin.py:188} INFO - [2026-06-07T03:18:45.310+0000] {dagbag.py:538} INFO - Filling up the DagBag from /opt/airflow/dags/sportspulse_pipeline.py
[2026-06-07T03:18:45.376+0000] {processor.py:840} INFO - DAG(s) 'sportspulse_processing', 'sportspulse_ingestion', 'sportspulse_ml' retrieved from /opt/airflow/dags/sportspulse_pipeline.py
[2026-06-07T03:18:45.450+0000] {logging_mixin.py:188} INFO - [2026-06-07T03:18:45.450+0000] {dag.py:3036} INFO - Sync 3 DAGs
[2026-06-07T03:18:45.493+0000] {logging_mixin.py:188} INFO - [2026-06-07T03:18:45.493+0000] {dag.py:3823} INFO - Setting next_dagrun for sportspulse_ingestion to 2026-06-06 06:00:00+00:00, run_after=2026-06-07 06:00:00+00:00
[2026-06-07T03:18:45.499+0000] {logging_mixin.py:188} INFO - [2026-06-07T03:18:45.499+0000] {dag.py:3823} INFO - Setting next_dagrun for sportspulse_ml to 2026-06-05 08:00:00+00:00, run_after=2026-06-06 08:00:00+00:00
[2026-06-07T03:18:45.502+0000] {logging_mixin.py:188} INFO - [2026-06-07T03:18:45.502+0000] {dag.py:3823} INFO - Setting next_dagrun for sportspulse_processing to 2026-06-05 07:00:00+00:00, run_after=2026-06-06 07:00:00+00:00
[2026-06-07T03:18:45.527+0000] {processor.py:183} INFO - Processing /opt/airflow/dags/sportspulse_pipeline.py took 0.242 seconds
[2026-06-07T03:19:15.801+0000] {processor.py:161} INFO - Started process (PID=247) to work on /opt/airflow/dags/sportspulse_pipeline.py
[2026-06-07T03:19:15.803+0000] {processor.py:830} INFO - Processing file /opt/airflow/dags/sportspulse_pipeline.py for tasks to queue
[2026-06-07T03:19:15.804+0000] {logging_mixin.py:188} INFO - [2026-06-07T03:19:15.804+0000] {dagbag.py:538} INFO - Filling up the DagBag from /opt/airflow/dags/sportspulse_pipeline.py
[2026-06-07T03:19:15.834+0000] {processor.py:840} INFO - DAG(s) 'sportspulse_processing', 'sportspulse_ingestion', 'sportspulse_ml' retrieved from /opt/airflow/dags/sportspulse_pipeline.py
[2026-06-07T03:19:15.885+0000] {logging_mixin.py:188} INFO - [2026-06-07T03:19:15.885+0000] {dag.py:3036} INFO - Sync 3 DAGs
[2026-06-07T03:19:15.905+0000] {logging_mixin.py:188} INFO - [2026-06-07T03:19:15.905+0000] {dag.py:3823} INFO - Setting next_dagrun for sportspulse_ingestion to 2026-06-06 06:00:00+00:00, run_after=2026-06-07 06:00:00+00:00
[2026-06-07T03:19:15.909+0000] {logging_mixin.py:188} INFO - [2026-06-07T03:19:15.909+0000] {dag.py:3823} INFO - Setting next_dagrun for sportspulse_ml to 2026-06-05 08:00:00+00:00, run_after=2026-06-06 08:00:00+00:00
[2026-06-07T03:19:15.910+0000] {logging_mixin.py:188} INFO - [2026-06-07T03:19:15.910+0000] {dag.py:3823} INFO - Setting next_dagrun for sportspulse_processing to 2026-06-05 07:00:00+00:00, run_after=2026-06-06 07:00:00+00:00
[2026-06-07T03:19:15.921+0000] {processor.py:183} INFO - Processing /opt/airflow/dags/sportspulse_pipeline.py took 0.130 seconds
[2026-06-07T03:19:46.146+0000] {processor.py:161} INFO - Started process (PID=252) to work on /opt/airflow/dags/sportspulse_pipeline.py
[2026-06-07T03:19:46.148+0000] {processor.py:830} INFO - Processing file /opt/airflow/dags/sportspulse_pipeline.py for tasks to queue
[2026-06-07T03:19:46.149+0000] {logging_mixin.py:188} INFO - [2026-06-07T03:19:46.148+0000] {dagbag.py:538} INFO - Filling up the DagBag from /opt/airflow/dags/sportspulse_pipeline.py
[2026-06-07T03:19:46.174+0000] {processor.py:840} INFO - DAG(s) 'sportspulse_ingestion', 'sportspulse_ml', 'sportspulse_processing' retrieved from /opt/airflow/dags/sportspulse_pipeline.py
[2026-06-07T03:19:46.217+0000] {logging_mixin.py:188} INFO - [2026-06-07T03:19:46.217+0000] {dag.py:3036} INFO - Sync 3 DAGs
[2026-06-07T03:19:46.349+0000] {logging_mixin.py:188} INFO - [2026-06-07T03:19:46.349+0000] {dag.py:3823} INFO - Setting next_dagrun for sportspulse_ingestion to 2026-06-06 06:00:00+00:00, run_after=2026-06-07 06:00:00+00:00
[2026-06-07T03:19:46.354+0000] {logging_mixin.py:188} INFO - [2026-06-07T03:19:46.354+0000] {dag.py:3823} INFO - Setting next_dagrun for sportspulse_ml to 2026-06-05 08:00:00+00:00, run_after=2026-06-06 08:00:00+00:00
[2026-06-07T03:19:46.357+0000] {logging_mixin.py:188} INFO - [2026-06-07T03:19:46.356+0000] {dag.py:3823} INFO - Setting next_dagrun for sportspulse_processing to 2026-06-05 07:00:00+00:00, run_after=2026-06-06 07:00:00+00:00
[2026-06-07T03:19:46.375+0000] {processor.py:183} INFO - Processing /opt/airflow/dags/sportspulse_pipeline.py took 0.233 seconds
[2026-06-07T03:20:16.513+0000] {processor.py:161} INFO - Started process (PID=257) to work on /opt/airflow/dags/sportspulse_pipeline.py
[2026-06-07T03:20:16.516+0000] {processor.py:830} INFO - Processing file /opt/airflow/dags/sportspulse_pipeline.py for tasks to queue
[2026-06-07T03:20:16.518+0000] {logging_mixin.py:188} INFO - [2026-06-07T03:20:16.517+0000] {dagbag.py:538} INFO - Filling up the DagBag from /opt/airflow/dags/sportspulse_pipeline.py
[2026-06-07T03:20:16.564+0000] {processor.py:840} INFO - DAG(s) 'sportspulse_processing', 'sportspulse_ingestion', 'sportspulse_ml' retrieved from /opt/airflow/dags/sportspulse_pipeline.py
[2026-06-07T03:20:16.607+0000] {logging_mixin.py:188} INFO - [2026-06-07T03:20:16.607+0000] {dag.py:3036} INFO - Sync 3 DAGs
[2026-06-07T03:20:16.635+0000] {logging_mixin.py:188} INFO - [2026-06-07T03:20:16.635+0000] {dag.py:3823} INFO - Setting next_dagrun for sportspulse_ingestion to 2026-06-06 06:00:00+00:00, run_after=2026-06-07 06:00:00+00:00
[2026-06-07T03:20:16.639+0000] {logging_mixin.py:188} INFO - [2026-06-07T03:20:16.639+0000] {dag.py:3823} INFO - Setting next_dagrun for sportspulse_ml to 2026-06-05 08:00:00+00:00, run_after=2026-06-06 08:00:00+00:00
[2026-06-07T03:20:16.640+0000] {logging_mixin.py:188} INFO - [2026-06-07T03:20:16.640+0000] {dag.py:3823} INFO - Setting next_dagrun for sportspulse_processing to 2026-06-05 07:00:00+00:00, run_after=2026-06-06 07:00:00+00:00
[2026-06-07T03:20:16.657+0000] {processor.py:183} INFO - Processing /opt/airflow/dags/sportspulse_pipeline.py took 0.152 seconds
[2026-06-07T03:20:47.198+0000] {processor.py:161} INFO - Started process (PID=262) to work on /opt/airflow/dags/sportspulse_pipeline.py
[2026-06-07T03:20:47.203+0000] {processor.py:830} INFO - Processing file /opt/airflow/dags/sportspulse_pipeline.py for tasks to queue
[2026-06-07T03:20:47.205+0000] {logging_mixin.py:188} INFO - [2026-06-07T03:20:47.204+0000] {dagbag.py:538} INFO - Filling up the DagBag from /opt/airflow/dags/sportspulse_pipeline.py
[2026-06-07T03:20:47.267+0000] {processor.py:840} INFO - DAG(s) 'sportspulse_processing', 'sportspulse_ingestion', 'sportspulse_ml' retrieved from /opt/airflow/dags/sportspulse_pipeline.py
[2026-06-07T03:20:47.364+0000] {logging_mixin.py:188} INFO - [2026-06-07T03:20:47.364+0000] {dag.py:3036} INFO - Sync 3 DAGs
[2026-06-07T03:20:47.397+0000] {logging_mixin.py:188} INFO - [2026-06-07T03:20:47.396+0000] {dag.py:3823} INFO - Setting next_dagrun for sportspulse_ingestion to 2026-06-06 06:00:00+00:00, run_after=2026-06-07 06:00:00+00:00
[2026-06-07T03:20:47.401+0000] {logging_mixin.py:188} INFO - [2026-06-07T03:20:47.400+0000] {dag.py:3823} INFO - Setting next_dagrun for sportspulse_ml to 2026-06-05 08:00:00+00:00, run_after=2026-06-06 08:00:00+00:00
[2026-06-07T03:20:47.402+0000] {logging_mixin.py:188} INFO - [2026-06-07T03:20:47.402+0000] {dag.py:3823} INFO - Setting next_dagrun for sportspulse_processing to 2026-06-05 07:00:00+00:00, run_after=2026-06-06 07:00:00+00:00
[2026-06-07T03:20:47.416+0000] {processor.py:183} INFO - Processing /opt/airflow/dags/sportspulse_pipeline.py took 0.231 seconds
[2026-06-07T03:21:17.605+0000] {processor.py:161} INFO - Started process (PID=267) to work on /opt/airflow/dags/sportspulse_pipeline.py
[2026-06-07T03:21:17.608+0000] {processor.py:830} INFO - Processing file /opt/airflow/dags/sportspulse_pipeline.py for tasks to queue
[2026-06-07T03:21:17.609+0000] {logging_mixin.py:188} INFO - [2026-06-07T03:21:17.609+0000] {dagbag.py:538} INFO - Filling up the DagBag from /opt/airflow/dags/sportspulse_pipeline.py
[2026-06-07T03:21:17.666+0000] {processor.py:840} INFO - DAG(s) 'sportspulse_ingestion', 'sportspulse_processing', 'sportspulse_ml' retrieved from /opt/airflow/dags/sportspulse_pipeline.py
[2026-06-07T03:21:17.721+0000] {logging_mixin.py:188} INFO - [2026-06-07T03:21:17.720+0000] {dag.py:3036} INFO - Sync 3 DAGs
[2026-06-07T03:21:17.744+0000] {logging_mixin.py:188} INFO - [2026-06-07T03:21:17.744+0000] {dag.py:3823} INFO - Setting next_dagrun for sportspulse_ingestion to 2026-06-06 06:00:00+00:00, run_after=2026-06-07 06:00:00+00:00
[2026-06-07T03:21:17.747+0000] {logging_mixin.py:188} INFO - [2026-06-07T03:21:17.747+0000] {dag.py:3823} INFO - Setting next_dagrun for sportspulse_ml to 2026-06-05 08:00:00+00:00, run_after=2026-06-06 08:00:00+00:00
[2026-06-07T03:21:17.749+0000] {logging_mixin.py:188} INFO - [2026-06-07T03:21:17.749+0000] {dag.py:3823} INFO - Setting next_dagrun for sportspulse_processing to 2026-06-05 07:00:00+00:00, run_after=2026-06-06 07:00:00+00:00
[2026-06-07T03:21:17.761+0000] {processor.py:183} INFO - Processing /opt/airflow/dags/sportspulse_pipeline.py took 0.167 seconds
[2026-06-07T03:21:48.029+0000] {processor.py:161} INFO - Started process (PID=278) to work on /opt/airflow/dags/sportspulse_pipeline.py
[2026-06-07T03:21:48.039+0000] {processor.py:830} INFO - Processing file /opt/airflow/dags/sportspulse_pipeline.py for tasks to queue
[2026-06-07T03:21:48.041+0000] {logging_mixin.py:188} INFO - [2026-06-07T03:21:48.040+0000] {dagbag.py:538} INFO - Filling up the DagBag from /opt/airflow/dags/sportspulse_pipeline.py
[2026-06-07T03:21:48.077+0000] {processor.py:840} INFO - DAG(s) 'sportspulse_ml', 'sportspulse_processing', 'sportspulse_ingestion' retrieved from /opt/airflow/dags/sportspulse_pipeline.py
[2026-06-07T03:21:48.136+0000] {logging_mixin.py:188} INFO - [2026-06-07T03:21:48.135+0000] {dag.py:3036} INFO - Sync 3 DAGs
[2026-06-07T03:21:48.165+0000] {logging_mixin.py:188} INFO - [2026-06-07T03:21:48.165+0000] {dag.py:3823} INFO - Setting next_dagrun for sportspulse_ingestion to 2026-06-06 06:00:00+00:00, run_after=2026-06-07 06:00:00+00:00
[2026-06-07T03:21:48.169+0000] {logging_mixin.py:188} INFO - [2026-06-07T03:21:48.168+0000] {dag.py:3823} INFO - Setting next_dagrun for sportspulse_ml to 2026-06-05 08:00:00+00:00, run_after=2026-06-06 08:00:00+00:00
[2026-06-07T03:21:48.170+0000] {logging_mixin.py:188} INFO - [2026-06-07T03:21:48.170+0000] {dag.py:3823} INFO - Setting next_dagrun for sportspulse_processing to 2026-06-05 07:00:00+00:00, run_after=2026-06-06 07:00:00+00:00
[2026-06-07T03:21:48.184+0000] {processor.py:183} INFO - Processing /opt/airflow/dags/sportspulse_pipeline.py took 0.169 seconds
[2026-06-07T03:22:18.515+0000] {processor.py:161} INFO - Started process (PID=283) to work on /opt/airflow/dags/sportspulse_pipeline.py
[2026-06-07T03:22:18.519+0000] {processor.py:830} INFO - Processing file /opt/airflow/dags/sportspulse_pipeline.py for tasks to queue
[2026-06-07T03:22:18.521+0000] {logging_mixin.py:188} INFO - [2026-06-07T03:22:18.520+0000] {dagbag.py:538} INFO - Filling up the DagBag from /opt/airflow/dags/sportspulse_pipeline.py
[2026-06-07T03:22:18.582+0000] {processor.py:840} INFO - DAG(s) 'sportspulse_processing', 'sportspulse_ingestion', 'sportspulse_ml' retrieved from /opt/airflow/dags/sportspulse_pipeline.py
[2026-06-07T03:22:18.652+0000] {logging_mixin.py:188} INFO - [2026-06-07T03:22:18.647+0000] {dag.py:3036} INFO - Sync 3 DAGs
[2026-06-07T03:22:18.711+0000] {logging_mixin.py:188} INFO - [2026-06-07T03:22:18.711+0000] {dag.py:3823} INFO - Setting next_dagrun for sportspulse_ingestion to 2026-06-06 06:00:00+00:00, run_after=2026-06-07 06:00:00+00:00
[2026-06-07T03:22:18.718+0000] {logging_mixin.py:188} INFO - [2026-06-07T03:22:18.718+0000] {dag.py:3823} INFO - Setting next_dagrun for sportspulse_ml to 2026-06-05 08:00:00+00:00, run_after=2026-06-06 08:00:00+00:00
[2026-06-07T03:22:18.720+0000] {logging_mixin.py:188} INFO - [2026-06-07T03:22:18.720+0000] {dag.py:3823} INFO - Setting next_dagrun for sportspulse_processing to 2026-06-05 07:00:00+00:00, run_after=2026-06-06 07:00:00+00:00
[2026-06-07T03:22:18.740+0000] {processor.py:183} INFO - Processing /opt/airflow/dags/sportspulse_pipeline.py took 0.243 seconds
[2026-06-07T03:22:48.876+0000] {processor.py:161} INFO - Started process (PID=288) to work on /opt/airflow/dags/sportspulse_pipeline.py
[2026-06-07T03:22:48.878+0000] {processor.py:830} INFO - Processing file /opt/airflow/dags/sportspulse_pipeline.py for tasks to queue
[2026-06-07T03:22:48.880+0000] {logging_mixin.py:188} INFO - [2026-06-07T03:22:48.879+0000] {dagbag.py:538} INFO - Filling up the DagBag from /opt/airflow/dags/sportspulse_pipeline.py
[2026-06-07T03:22:48.930+0000] {processor.py:840} INFO - DAG(s) 'sportspulse_ingestion', 'sportspulse_ml', 'sportspulse_processing' retrieved from /opt/airflow/dags/sportspulse_pipeline.py
[2026-06-07T03:22:49.006+0000] {logging_mixin.py:188} INFO - [2026-06-07T03:22:49.006+0000] {dag.py:3036} INFO - Sync 3 DAGs
[2026-06-07T03:22:49.045+0000] {logging_mixin.py:188} INFO - [2026-06-07T03:22:49.045+0000] {dag.py:3823} INFO - Setting next_dagrun for sportspulse_ingestion to 2026-06-06 06:00:00+00:00, run_after=2026-06-07 06:00:00+00:00
[2026-06-07T03:22:49.049+0000] {logging_mixin.py:188} INFO - [2026-06-07T03:22:49.048+0000] {dag.py:3823} INFO - Setting next_dagrun for sportspulse_ml to 2026-06-05 08:00:00+00:00, run_after=2026-06-06 08:00:00+00:00
[2026-06-07T03:22:49.050+0000] {logging_mixin.py:188} INFO - [2026-06-07T03:22:49.050+0000] {dag.py:3823} INFO - Setting next_dagrun for sportspulse_processing to 2026-06-05 07:00:00+00:00, run_after=2026-06-06 07:00:00+00:00
[2026-06-07T03:22:49.066+0000] {processor.py:183} INFO - Processing /opt/airflow/dags/sportspulse_pipeline.py took 0.200 seconds
[2026-06-07T03:23:19.443+0000] {processor.py:161} INFO - Started process (PID=293) to work on /opt/airflow/dags/sportspulse_pipeline.py
[2026-06-07T03:23:19.445+0000] {processor.py:830} INFO - Processing file /opt/airflow/dags/sportspulse_pipeline.py for tasks to queue
[2026-06-07T03:23:19.447+0000] {logging_mixin.py:188} INFO - [2026-06-07T03:23:19.446+0000] {dagbag.py:538} INFO - Filling up the DagBag from /opt/airflow/dags/sportspulse_pipeline.py
[2026-06-07T03:23:19.488+0000] {processor.py:840} INFO - DAG(s) 'sportspulse_ingestion', 'sportspulse_processing', 'sportspulse_ml' retrieved from /opt/airflow/dags/sportspulse_pipeline.py
[2026-06-07T03:23:19.546+0000] {logging_mixin.py:188} INFO - [2026-06-07T03:23:19.546+0000] {dag.py:3036} INFO - Sync 3 DAGs
[2026-06-07T03:23:19.568+0000] {logging_mixin.py:188} INFO - [2026-06-07T03:23:19.568+0000] {dag.py:3823} INFO - Setting next_dagrun for sportspulse_ingestion to 2026-06-06 06:00:00+00:00, run_after=2026-06-07 06:00:00+00:00
[2026-06-07T03:23:19.572+0000] {logging_mixin.py:188} INFO - [2026-06-07T03:23:19.571+0000] {dag.py:3823} INFO - Setting next_dagrun for sportspulse_ml to 2026-06-05 08:00:00+00:00, run_after=2026-06-06 08:00:00+00:00
[2026-06-07T03:23:19.573+0000] {logging_mixin.py:188} INFO - [2026-06-07T03:23:19.573+0000] {dag.py:3823} INFO - Setting next_dagrun for sportspulse_processing to 2026-06-05 07:00:00+00:00, run_after=2026-06-06 07:00:00+00:00
[2026-06-07T03:23:19.587+0000] {processor.py:183} INFO - Processing /opt/airflow/dags/sportspulse_pipeline.py took 0.151 seconds
[2026-06-07T03:23:49.996+0000] {processor.py:161} INFO - Started process (PID=298) to work on /opt/airflow/dags/sportspulse_pipeline.py
[2026-06-07T03:23:50.001+0000] {processor.py:830} INFO - Processing file /opt/airflow/dags/sportspulse_pipeline.py for tasks to queue
[2026-06-07T03:23:50.003+0000] {logging_mixin.py:188} INFO - [2026-06-07T03:23:50.002+0000] {dagbag.py:538} INFO - Filling up the DagBag from /opt/airflow/dags/sportspulse_pipeline.py
[2026-06-07T03:23:50.044+0000] {processor.py:840} INFO - DAG(s) 'sportspulse_processing', 'sportspulse_ingestion', 'sportspulse_ml' retrieved from /opt/airflow/dags/sportspulse_pipeline.py
[2026-06-07T03:23:50.093+0000] {logging_mixin.py:188} INFO - [2026-06-07T03:23:50.093+0000] {dag.py:3036} INFO - Sync 3 DAGs
[2026-06-07T03:23:50.115+0000] {logging_mixin.py:188} INFO - [2026-06-07T03:23:50.114+0000] {dag.py:3823} INFO - Setting next_dagrun for sportspulse_ingestion to 2026-06-06 06:00:00+00:00, run_after=2026-06-07 06:00:00+00:00
[2026-06-07T03:23:50.118+0000] {logging_mixin.py:188} INFO - [2026-06-07T03:23:50.118+0000] {dag.py:3823} INFO - Setting next_dagrun for sportspulse_ml to 2026-06-05 08:00:00+00:00, run_after=2026-06-06 08:00:00+00:00
[2026-06-07T03:23:50.119+0000] {logging_mixin.py:188} INFO - [2026-06-07T03:23:50.119+0000] {dag.py:3823} INFO - Setting next_dagrun for sportspulse_processing to 2026-06-05 07:00:00+00:00, run_after=2026-06-06 07:00:00+00:00
[2026-06-07T03:23:50.131+0000] {processor.py:183} INFO - Processing /opt/airflow/dags/sportspulse_pipeline.py took 0.144 seconds
[2026-06-07T03:24:20.390+0000] {processor.py:161} INFO - Started process (PID=303) to work on /opt/airflow/dags/sportspulse_pipeline.py
[2026-06-07T03:24:20.392+0000] {processor.py:830} INFO - Processing file /opt/airflow/dags/sportspulse_pipeline.py for tasks to queue
[2026-06-07T03:24:20.393+0000] {logging_mixin.py:188} INFO - [2026-06-07T03:24:20.393+0000] {dagbag.py:538} INFO - Filling up the DagBag from /opt/airflow/dags/sportspulse_pipeline.py
[2026-06-07T03:24:20.426+0000] {processor.py:840} INFO - DAG(s) 'sportspulse_ingestion', 'sportspulse_ml', 'sportspulse_processing' retrieved from /opt/airflow/dags/sportspulse_pipeline.py
[2026-06-07T03:24:20.478+0000] {logging_mixin.py:188} INFO - [2026-06-07T03:24:20.478+0000] {dag.py:3036} INFO - Sync 3 DAGs
[2026-06-07T03:24:20.503+0000] {logging_mixin.py:188} INFO - [2026-06-07T03:24:20.502+0000] {dag.py:3823} INFO - Setting next_dagrun for sportspulse_ingestion to 2026-06-06 06:00:00+00:00, run_after=2026-06-07 06:00:00+00:00
[2026-06-07T03:24:20.506+0000] {logging_mixin.py:188} INFO - [2026-06-07T03:24:20.506+0000] {dag.py:3823} INFO - Setting next_dagrun for sportspulse_ml to 2026-06-05 08:00:00+00:00, run_after=2026-06-06 08:00:00+00:00
[2026-06-07T03:24:20.508+0000] {logging_mixin.py:188} INFO - [2026-06-07T03:24:20.508+0000] {dag.py:3823} INFO - Setting next_dagrun for sportspulse_processing to 2026-06-05 07:00:00+00:00, run_after=2026-06-06 07:00:00+00:00
[2026-06-07T03:24:20.521+0000] {processor.py:183} INFO - Processing /opt/airflow/dags/sportspulse_pipeline.py took 0.136 seconds
[2026-06-07T03:24:50.876+0000] {processor.py:161} INFO - Started process (PID=308) to work on /opt/airflow/dags/sportspulse_pipeline.py
[2026-06-07T03:24:50.878+0000] {processor.py:830} INFO - Processing file /opt/airflow/dags/sportspulse_pipeline.py for tasks to queue
[2026-06-07T03:24:50.879+0000] {logging_mixin.py:188} INFO - [2026-06-07T03:24:50.879+0000] {dagbag.py:538} INFO - Filling up the DagBag from /opt/airflow/dags/sportspulse_pipeline.py
[2026-06-07T03:24:50.916+0000] {processor.py:840} INFO - DAG(s) 'sportspulse_processing', 'sportspulse_ingestion', 'sportspulse_ml' retrieved from /opt/airflow/dags/sportspulse_pipeline.py
[2026-06-07T03:24:50.956+0000] {logging_mixin.py:188} INFO - [2026-06-07T03:24:50.956+0000] {dag.py:3036} INFO - Sync 3 DAGs
[2026-06-07T03:24:50.982+0000] {logging_mixin.py:188} INFO - [2026-06-07T03:24:50.982+0000] {dag.py:3823} INFO - Setting next_dagrun for sportspulse_ingestion to 2026-06-06 06:00:00+00:00, run_after=2026-06-07 06:00:00+00:00
[2026-06-07T03:24:50.985+0000] {logging_mixin.py:188} INFO - [2026-06-07T03:24:50.985+0000] {dag.py:3823} INFO - Setting next_dagrun for sportspulse_ml to 2026-06-05 08:00:00+00:00, run_after=2026-06-06 08:00:00+00:00
[2026-06-07T03:24:50.987+0000] {logging_mixin.py:188} INFO - [2026-06-07T03:24:50.987+0000] {dag.py:3823} INFO - Setting next_dagrun for sportspulse_processing to 2026-06-05 07:00:00+00:00, run_after=2026-06-06 07:00:00+00:00
[2026-06-07T03:24:51.003+0000] {processor.py:183} INFO - Processing /opt/airflow/dags/sportspulse_pipeline.py took 0.133 seconds
[2026-06-07T03:25:21.171+0000] {processor.py:161} INFO - Started process (PID=313) to work on /opt/airflow/dags/sportspulse_pipeline.py
[2026-06-07T03:25:21.173+0000] {processor.py:830} INFO - Processing file /opt/airflow/dags/sportspulse_pipeline.py for tasks to queue
[2026-06-07T03:25:21.179+0000] {logging_mixin.py:188} INFO - [2026-06-07T03:25:21.179+0000] {dagbag.py:538} INFO - Filling up the DagBag from /opt/airflow/dags/sportspulse_pipeline.py
[2026-06-07T03:25:21.219+0000] {processor.py:840} INFO - DAG(s) 'sportspulse_ml', 'sportspulse_ingestion', 'sportspulse_processing' retrieved from /opt/airflow/dags/sportspulse_pipeline.py
[2026-06-07T03:25:21.273+0000] {logging_mixin.py:188} INFO - [2026-06-07T03:25:21.273+0000] {dag.py:3036} INFO - Sync 3 DAGs
[2026-06-07T03:25:21.305+0000] {logging_mixin.py:188} INFO - [2026-06-07T03:25:21.304+0000] {dag.py:3823} INFO - Setting next_dagrun for sportspulse_ingestion to 2026-06-06 06:00:00+00:00, run_after=2026-06-07 06:00:00+00:00
[2026-06-07T03:25:21.308+0000] {logging_mixin.py:188} INFO - [2026-06-07T03:25:21.308+0000] {dag.py:3823} INFO - Setting next_dagrun for sportspulse_ml to 2026-06-05 08:00:00+00:00, run_after=2026-06-06 08:00:00+00:00
[2026-06-07T03:25:21.310+0000] {logging_mixin.py:188} INFO - [2026-06-07T03:25:21.310+0000] {dag.py:3823} INFO - Setting next_dagrun for sportspulse_processing to 2026-06-05 07:00:00+00:00, run_after=2026-06-06 07:00:00+00:00
[2026-06-07T03:25:21.323+0000] {processor.py:183} INFO - Processing /opt/airflow/dags/sportspulse_pipeline.py took 0.159 seconds
[2026-06-07T03:25:51.695+0000] {processor.py:161} INFO - Started process (PID=318) to work on /opt/airflow/dags/sportspulse_pipeline.py
[2026-06-07T03:25:51.700+0000] {processor.py:830} INFO - Processing file /opt/airflow/dags/sportspulse_pipeline.py for tasks to queue
[2026-06-07T03:25:51.703+0000] {logging_mixin.py:188} INFO - [2026-06-07T03:25:51.701+0000] {dagbag.py:538} INFO - Filling up the DagBag from /opt/airflow/dags/sportspulse_pipeline.py
[2026-06-07T03:25:51.766+0000] {processor.py:840} INFO - DAG(s) 'sportspulse_processing', 'sportspulse_ingestion', 'sportspulse_ml' retrieved from /opt/airflow/dags/sportspulse_pipeline.py
[2026-06-07T03:25:51.828+0000] {logging_mixin.py:188} INFO - [2026-06-07T03:25:51.828+0000] {dag.py:3036} INFO - Sync 3 DAGs
[2026-06-07T03:25:51.852+0000] {logging_mixin.py:188} INFO - [2026-06-07T03:25:51.852+0000] {dag.py:3823} INFO - Setting next_dagrun for sportspulse_ingestion to 2026-06-06 06:00:00+00:00, run_after=2026-06-07 06:00:00+00:00
[2026-06-07T03:25:51.856+0000] {logging_mixin.py:188} INFO - [2026-06-07T03:25:51.856+0000] {dag.py:3823} INFO - Setting next_dagrun for sportspulse_ml to 2026-06-05 08:00:00+00:00, run_after=2026-06-06 08:00:00+00:00
[2026-06-07T03:25:51.859+0000] {logging_mixin.py:188} INFO - [2026-06-07T03:25:51.859+0000] {dag.py:3823} INFO - Setting next_dagrun for sportspulse_processing to 2026-06-05 07:00:00+00:00, run_after=2026-06-06 07:00:00+00:00
[2026-06-07T03:25:51.872+0000] {processor.py:183} INFO - Processing /opt/airflow/dags/sportspulse_pipeline.py took 0.193 seconds
[2026-06-07T03:26:22.182+0000] {processor.py:161} INFO - Started process (PID=323) to work on /opt/airflow/dags/sportspulse_pipeline.py
[2026-06-07T03:26:22.184+0000] {processor.py:830} INFO - Processing file /opt/airflow/dags/sportspulse_pipeline.py for tasks to queue
[2026-06-07T03:26:22.186+0000] {logging_mixin.py:188} INFO - [2026-06-07T03:26:22.185+0000] {dagbag.py:538} INFO - Filling up the DagBag from /opt/airflow/dags/sportspulse_pipeline.py
[2026-06-07T03:26:22.227+0000] {processor.py:840} INFO - DAG(s) 'sportspulse_processing', 'sportspulse_ingestion', 'sportspulse_ml' retrieved from /opt/airflow/dags/sportspulse_pipeline.py
[2026-06-07T03:26:22.278+0000] {logging_mixin.py:188} INFO - [2026-06-07T03:26:22.278+0000] {dag.py:3036} INFO - Sync 3 DAGs
[2026-06-07T03:26:22.301+0000] {logging_mixin.py:188} INFO - [2026-06-07T03:26:22.301+0000] {dag.py:3823} INFO - Setting next_dagrun for sportspulse_ingestion to 2026-06-06 06:00:00+00:00, run_after=2026-06-07 06:00:00+00:00
[2026-06-07T03:26:22.305+0000] {logging_mixin.py:188} INFO - [2026-06-07T03:26:22.305+0000] {dag.py:3823} INFO - Setting next_dagrun for sportspulse_ml to 2026-06-05 08:00:00+00:00, run_after=2026-06-06 08:00:00+00:00
[2026-06-07T03:26:22.307+0000] {logging_mixin.py:188} INFO - [2026-06-07T03:26:22.306+0000] {dag.py:3823} INFO - Setting next_dagrun for sportspulse_processing to 2026-06-05 07:00:00+00:00, run_after=2026-06-06 07:00:00+00:00
[2026-06-07T03:26:22.324+0000] {processor.py:183} INFO - Processing /opt/airflow/dags/sportspulse_pipeline.py took 0.153 seconds
[2026-06-07T03:26:52.598+0000] {processor.py:161} INFO - Started process (PID=328) to work on /opt/airflow/dags/sportspulse_pipeline.py
[2026-06-07T03:26:52.602+0000] {processor.py:830} INFO - Processing file /opt/airflow/dags/sportspulse_pipeline.py for tasks to queue
[2026-06-07T03:26:52.605+0000] {logging_mixin.py:188} INFO - [2026-06-07T03:26:52.604+0000] {dagbag.py:538} INFO - Filling up the DagBag from /opt/airflow/dags/sportspulse_pipeline.py
[2026-06-07T03:26:52.672+0000] {processor.py:840} INFO - DAG(s) 'sportspulse_ml', 'sportspulse_ingestion', 'sportspulse_processing' retrieved from /opt/airflow/dags/sportspulse_pipeline.py
[2026-06-07T03:26:52.729+0000] {logging_mixin.py:188} INFO - [2026-06-07T03:26:52.728+0000] {dag.py:3036} INFO - Sync 3 DAGs
[2026-06-07T03:26:52.752+0000] {logging_mixin.py:188} INFO - [2026-06-07T03:26:52.752+0000] {dag.py:3823} INFO - Setting next_dagrun for sportspulse_ingestion to 2026-06-06 06:00:00+00:00, run_after=2026-06-07 06:00:00+00:00
[2026-06-07T03:26:52.755+0000] {logging_mixin.py:188} INFO - [2026-06-07T03:26:52.755+0000] {dag.py:3823} INFO - Setting next_dagrun for sportspulse_ml to 2026-06-05 08:00:00+00:00, run_after=2026-06-06 08:00:00+00:00
[2026-06-07T03:26:52.756+0000] {logging_mixin.py:188} INFO - [2026-06-07T03:26:52.756+0000] {dag.py:3823} INFO - Setting next_dagrun for sportspulse_processing to 2026-06-05 07:00:00+00:00, run_after=2026-06-06 07:00:00+00:00
[2026-06-07T03:26:52.768+0000] {processor.py:183} INFO - Processing /opt/airflow/dags/sportspulse_pipeline.py took 0.188 seconds
[2026-06-07T03:27:23.197+0000] {processor.py:161} INFO - Started process (PID=333) to work on /opt/airflow/dags/sportspulse_pipeline.py
[2026-06-07T03:27:23.199+0000] {processor.py:830} INFO - Processing file /opt/airflow/dags/sportspulse_pipeline.py for tasks to queue
[2026-06-07T03:27:23.201+0000] {logging_mixin.py:188} INFO - [2026-06-07T03:27:23.200+0000] {dagbag.py:538} INFO - Filling up the DagBag from /opt/airflow/dags/sportspulse_pipeline.py
[2026-06-07T03:27:23.242+0000] {processor.py:840} INFO - DAG(s) 'sportspulse_ml', 'sportspulse_ingestion', 'sportspulse_processing' retrieved from /opt/airflow/dags/sportspulse_pipeline.py
[2026-06-07T03:27:23.299+0000] {logging_mixin.py:188} INFO - [2026-06-07T03:27:23.298+0000] {dag.py:3036} INFO - Sync 3 DAGs
[2026-06-07T03:27:23.330+0000] {logging_mixin.py:188} INFO - [2026-06-07T03:27:23.330+0000] {dag.py:3823} INFO - Setting next_dagrun for sportspulse_ingestion to 2026-06-06 06:00:00+00:00, run_after=2026-06-07 06:00:00+00:00
[2026-06-07T03:27:23.334+0000] {logging_mixin.py:188} INFO - [2026-06-07T03:27:23.334+0000] {dag.py:3823} INFO - Setting next_dagrun for sportspulse_ml to 2026-06-05 08:00:00+00:00, run_after=2026-06-06 08:00:00+00:00
[2026-06-07T03:27:23.336+0000] {logging_mixin.py:188} INFO - [2026-06-07T03:27:23.336+0000] {dag.py:3823} INFO - Setting next_dagrun for sportspulse_processing to 2026-06-05 07:00:00+00:00, run_after=2026-06-06 07:00:00+00:00
[2026-06-07T03:27:23.354+0000] {processor.py:183} INFO - Processing /opt/airflow/dags/sportspulse_pipeline.py took 0.167 seconds
[2026-06-07T03:27:53.929+0000] {processor.py:161} INFO - Started process (PID=338) to work on /opt/airflow/dags/sportspulse_pipeline.py
[2026-06-07T03:27:53.931+0000] {processor.py:830} INFO - Processing file /opt/airflow/dags/sportspulse_pipeline.py for tasks to queue
[2026-06-07T03:27:53.934+0000] {logging_mixin.py:188} INFO - [2026-06-07T03:27:53.932+0000] {dagbag.py:538} INFO - Filling up the DagBag from /opt/airflow/dags/sportspulse_pipeline.py
[2026-06-07T03:27:53.965+0000] {processor.py:840} INFO - DAG(s) 'sportspulse_ml', 'sportspulse_processing', 'sportspulse_ingestion' retrieved from /opt/airflow/dags/sportspulse_pipeline.py
[2026-06-07T03:27:54.023+0000] {logging_mixin.py:188} INFO - [2026-06-07T03:27:54.023+0000] {dag.py:3036} INFO - Sync 3 DAGs
[2026-06-07T03:27:54.082+0000] {logging_mixin.py:188} INFO - [2026-06-07T03:27:54.082+0000] {dag.py:3823} INFO - Setting next_dagrun for sportspulse_ingestion to 2026-06-06 06:00:00+00:00, run_after=2026-06-07 06:00:00+00:00
[2026-06-07T03:27:54.086+0000] {logging_mixin.py:188} INFO - [2026-06-07T03:27:54.086+0000] {dag.py:3823} INFO - Setting next_dagrun for sportspulse_ml to 2026-06-05 08:00:00+00:00, run_after=2026-06-06 08:00:00+00:00
[2026-06-07T03:27:54.088+0000] {logging_mixin.py:188} INFO - [2026-06-07T03:27:54.088+0000] {dag.py:3823} INFO - Setting next_dagrun for sportspulse_processing to 2026-06-05 07:00:00+00:00, run_after=2026-06-06 07:00:00+00:00
[2026-06-07T03:27:54.102+0000] {processor.py:183} INFO - Processing /opt/airflow/dags/sportspulse_pipeline.py took 0.180 seconds
[2026-06-07T03:28:24.298+0000] {processor.py:161} INFO - Started process (PID=343) to work on /opt/airflow/dags/sportspulse_pipeline.py
[2026-06-07T03:28:24.303+0000] {processor.py:830} INFO - Processing file /opt/airflow/dags/sportspulse_pipeline.py for tasks to queue
[2026-06-07T03:28:24.306+0000] {logging_mixin.py:188} INFO - [2026-06-07T03:28:24.305+0000] {dagbag.py:538} INFO - Filling up the DagBag from /opt/airflow/dags/sportspulse_pipeline.py
[2026-06-07T03:28:24.351+0000] {processor.py:840} INFO - DAG(s) 'sportspulse_ingestion', 'sportspulse_processing', 'sportspulse_ml' retrieved from /opt/airflow/dags/sportspulse_pipeline.py
[2026-06-07T03:28:24.391+0000] {logging_mixin.py:188} INFO - [2026-06-07T03:28:24.391+0000] {dag.py:3036} INFO - Sync 3 DAGs
[2026-06-07T03:28:24.412+0000] {logging_mixin.py:188} INFO - [2026-06-07T03:28:24.411+0000] {dag.py:3823} INFO - Setting next_dagrun for sportspulse_ingestion to 2026-06-06 06:00:00+00:00, run_after=2026-06-07 06:00:00+00:00
[2026-06-07T03:28:24.415+0000] {logging_mixin.py:188} INFO - [2026-06-07T03:28:24.415+0000] {dag.py:3823} INFO - Setting next_dagrun for sportspulse_ml to 2026-06-05 08:00:00+00:00, run_after=2026-06-06 08:00:00+00:00
[2026-06-07T03:28:24.416+0000] {logging_mixin.py:188} INFO - [2026-06-07T03:28:24.416+0000] {dag.py:3823} INFO - Setting next_dagrun for sportspulse_processing to 2026-06-05 07:00:00+00:00, run_after=2026-06-06 07:00:00+00:00
[2026-06-07T03:28:24.429+0000] {processor.py:183} INFO - Processing /opt/airflow/dags/sportspulse_pipeline.py took 0.145 seconds
[2026-06-07T03:28:54.684+0000] {processor.py:161} INFO - Started process (PID=348) to work on /opt/airflow/dags/sportspulse_pipeline.py
[2026-06-07T03:28:54.689+0000] {processor.py:830} INFO - Processing file /opt/airflow/dags/sportspulse_pipeline.py for tasks to queue
[2026-06-07T03:28:54.690+0000] {logging_mixin.py:188} INFO - [2026-06-07T03:28:54.690+0000] {dagbag.py:538} INFO - Filling up the DagBag from /opt/airflow/dags/sportspulse_pipeline.py
[2026-06-07T03:28:54.733+0000] {processor.py:840} INFO - DAG(s) 'sportspulse_ingestion', 'sportspulse_ml', 'sportspulse_processing' retrieved from /opt/airflow/dags/sportspulse_pipeline.py
[2026-06-07T03:28:54.790+0000] {logging_mixin.py:188} INFO - [2026-06-07T03:28:54.790+0000] {dag.py:3036} INFO - Sync 3 DAGs
[2026-06-07T03:28:54.812+0000] {logging_mixin.py:188} INFO - [2026-06-07T03:28:54.812+0000] {dag.py:3823} INFO - Setting next_dagrun for sportspulse_ingestion to 2026-06-06 06:00:00+00:00, run_after=2026-06-07 06:00:00+00:00
[2026-06-07T03:28:54.816+0000] {logging_mixin.py:188} INFO - [2026-06-07T03:28:54.816+0000] {dag.py:3823} INFO - Setting next_dagrun for sportspulse_ml to 2026-06-05 08:00:00+00:00, run_after=2026-06-06 08:00:00+00:00
[2026-06-07T03:28:54.817+0000] {logging_mixin.py:188} INFO - [2026-06-07T03:28:54.817+0000] {dag.py:3823} INFO - Setting next_dagrun for sportspulse_processing to 2026-06-05 07:00:00+00:00, run_after=2026-06-06 07:00:00+00:00
[2026-06-07T03:28:54.829+0000] {processor.py:183} INFO - Processing /opt/airflow/dags/sportspulse_pipeline.py took 0.153 seconds
