[2026-06-07T03:16:20.979+0000] {taskinstance.py:1956} INFO - Dependencies all met for dep_context=non-requeueable deps ti=<TaskInstance: sportspulse_ingestion.ingest_fixtures_and_teams manual__2026-06-07T03:16:18.657106+00:00 [queued]>
[2026-06-07T03:16:20.987+0000] {taskinstance.py:1956} INFO - Dependencies all met for dep_context=requeueable deps ti=<TaskInstance: sportspulse_ingestion.ingest_fixtures_and_teams manual__2026-06-07T03:16:18.657106+00:00 [queued]>
[2026-06-07T03:16:20.989+0000] {taskinstance.py:2170} INFO - Starting attempt 1 of 2
[2026-06-07T03:16:21.003+0000] {taskinstance.py:2191} INFO - Executing <Task(PythonOperator): ingest_fixtures_and_teams> on 2026-06-07 03:16:18.657106+00:00
[2026-06-07T03:16:21.007+0000] {standard_task_runner.py:60} INFO - Started process 218 to run task
[2026-06-07T03:16:21.011+0000] {standard_task_runner.py:87} INFO - Running: ['***', 'tasks', 'run', 'sportspulse_ingestion', 'ingest_fixtures_and_teams', 'manual__2026-06-07T03:16:18.657106+00:00', '--job-id', '2', '--raw', '--subdir', 'DAGS_FOLDER/sportspulse_pipeline.py', '--cfg-path', '/tmp/tmpg6yjsk90']
[2026-06-07T03:16:21.019+0000] {standard_task_runner.py:88} INFO - Job 2: Subtask ingest_fixtures_and_teams
[2026-06-07T03:16:21.059+0000] {task_command.py:423} INFO - Running <TaskInstance: sportspulse_ingestion.ingest_fixtures_and_teams manual__2026-06-07T03:16:18.657106+00:00 [running]> on host 712f3b4acbdd
[2026-06-07T03:16:21.122+0000] {taskinstance.py:2480} INFO - Exporting env vars: AIRFLOW_CTX_DAG_OWNER='albright' AIRFLOW_CTX_DAG_ID='sportspulse_ingestion' AIRFLOW_CTX_TASK_ID='ingest_fixtures_and_teams' AIRFLOW_CTX_EXECUTION_DATE='2026-06-07T03:16:18.657106+00:00' AIRFLOW_CTX_TRY_NUMBER='1' AIRFLOW_CTX_DAG_RUN_ID='manual__2026-06-07T03:16:18.657106+00:00'
[2026-06-07T03:16:22.272+0000] {logging_mixin.py:188} INFO - 
========================================
[2026-06-07T03:16:22.279+0000] {logging_mixin.py:188} INFO -   SportsPulse — Multi-League Ingestion
[2026-06-07T03:16:22.281+0000] {logging_mixin.py:188} INFO - ========================================
[2026-06-07T03:16:22.284+0000] {logging_mixin.py:188} INFO - Creating Bronze layer tables...
[2026-06-07T03:16:26.793+0000] {taskinstance.py:2698} ERROR - Task failed with exception
Traceback (most recent call last):
  File "/home/airflow/.local/lib/python3.11/site-packages/airflow/models/taskinstance.py", line 433, in _execute_task
    result = execute_callable(context=context, **execute_callable_kwargs)
             ^^^^^^^^^^^^^^^^^^^^^^^^^^^^^^^^^^^^^^^^^^^^^^^^^^^^^^^^^^^^
  File "/home/airflow/.local/lib/python3.11/site-packages/airflow/operators/python.py", line 199, in execute
    return_value = self.execute_callable()
                   ^^^^^^^^^^^^^^^^^^^^^^^
  File "/home/airflow/.local/lib/python3.11/site-packages/airflow/operators/python.py", line 216, in execute_callable
    return self.python_callable(*self.op_args, **self.op_kwargs)
           ^^^^^^^^^^^^^^^^^^^^^^^^^^^^^^^^^^^^^^^^^^^^^^^^^^^^^
  File "/opt/airflow/dags/sportspulse_pipeline.py", line 27, in run_ingestion
    run_pipeline()
  File "/opt/airflow/ingestion/fixtures_extractor.py", line 238, in run_pipeline
    create_tables(engine)
  File "/opt/airflow/ingestion/fixtures_extractor.py", line 97, in create_tables
    conn.commit()
    ^^^^^^^^^^^
AttributeError: 'Connection' object has no attribute 'commit'
[2026-06-07T03:16:26.806+0000] {taskinstance.py:1138} INFO - Marking task as UP_FOR_RETRY. dag_id=sportspulse_ingestion, task_id=ingest_fixtures_and_teams, execution_date=20260607T031618, start_date=20260607T031620, end_date=20260607T031626
[2026-06-07T03:16:26.822+0000] {standard_task_runner.py:107} ERROR - Failed to execute job 2 for task ingest_fixtures_and_teams ('Connection' object has no attribute 'commit'; 218)
[2026-06-07T03:16:26.831+0000] {local_task_job_runner.py:234} INFO - Task exited with return code 1
[2026-06-07T03:16:26.853+0000] {taskinstance.py:3280} INFO - 0 downstream tasks scheduled from follow-on schedule check
